[russelljordan1.jimdofree.com/index.html]
[backblue.gif]
[fade.gif]
[index.html]
[image.jimcdn.com/app/cms/image/transf/none/path/s02a38df51dd7d2be/backgroundarea/ia9c4a90e5ed0f85a/version/1464810599/image.jpg]
[russelljordan1.jimdofree.com/rss/blog]
[assets.jimstatic.com/ckies.js.5631777914bb87ec47ca.js]
[assets.jimstatic.com/cookieControl.js.5e04051fe417e9b9c37d.js]
[u.jimcdn.com/cms/o/s02a38df51dd7d2be/layout/dm_0c83ca656064cf3c266312252b0101ee/css/layoutec3c.css]
[assets.jimstatic.com/web.css.6171c4a35b361b9030cb24d6de8164b8.css]
[assets.jimstatic.com/web.js.69af092caed957eb8854.js]
[assets.jimstatic.com/at.js.f87458c74bcbd7759b72.js]
[image.jimcdn.com/app/cms/image/transf/none/path/s02a38df51dd7d2be/image/ia89905714658b9ef/version/1679132740/image.jpg]
[image.jimcdn.com/app/cms/image/transf/none/path/s02a38df51dd7d2be/image/i122a3bb947ead9ae/version/1468794210/image.png]
[russelljordan1.jimdofree.com/psychology/index.html]
[image.jimcdn.com/app/cms/image/transf/none/path/s02a38df51dd7d2be/image/i563ae552f755d74a/version/1481464133/image.png]
[image.jimcdn.com/app/cms/image/transf/dimension=210x1024_format=jpg/path/s02a38df51dd7d2be/image/i4f552bdcfc06b07f/version/1679132632/image.jpg]
[russelljordan1.jimdofree.com/life-lesons/index.html]
[russelljordan1.jimdofree.com/on-religion/index.html]
[image.jimcdn.com/app/cms/image/transf/none/path/s02a38df51dd7d2be/image/iea572368e520a077/version/1711394122/image.jpg]
[russelljordan1.jimdofree.com/whats-the-chances-of-that/index.html]
[russelljordan1.jimdofree.com/family-and-phots-jamine-yu/index.html]
[russelljordan1.jimdofree.com/notes/index.html]
[russelljordan1.jimdofree.com/brandon-kelt-jasmin-yu-candice-norman-adam-kelt/index.html]
[russelljordan1.jimdofree.com/films-i-like/index.html]
[russelljordan1.jimdofree.com/j/privacy.html]
[russelljordan1.jimdofree.com/personal-notes/index.html]
[russelljordan1.jimdofree.com/links-to-sites-or-videos-i-like/index.html]
[russelljordan1.jimdofree.com/index.html]
[u.jimcdn.com/cms/o/s02a38df51dd7d2be/layout/dm_0c83ca656064cf3c266312252b0101ee/css/layoutec3c.css]
[russelljordan1.jimdofree.com/logical-fallacies/index.html]
[russelljordan1.jimdofree.com/law-of-the-land/index.html]
[russelljordan1.jimdofree.com/the-power-of-a-story/index.html]
[russelljordan1.jimdofree.com/about/index.html]
[russelljordan1.jimdofree.com/sitemap/index.html]
[assets.jimstatic.com/38394ca16133f78363850eb0ebc16c36.eot]
[assets.jimstatic.com/a984717a9f4ef00fa217fc58c3ff86a6.woff]
[assets.jimstatic.com/38394ca16133f78363850eb0ebc16c36d41d.eot]
[assets.jimstatic.com/92d755b23dfbe5bd5ac566c8df9e7827.ttf]
[assets.jimstatic.com/e1ca6e007c91d4ef9ee063940b504870.png]
[assets.jimstatic.com/f7b79a3d76e79248879a74cd4fadbb14.svg]
[assets.jimstatic.com/d32401d55ec237cee50e487c6eefa908.gif]
[assets.jimstatic.com/9e4dc55ad6bdd8b8bafced6241dac621.png]
[assets.jimstatic.com/b257fa9c5ac8c515ac4d77a667ce2943.svg]
[assets.jimstatic.com/web.css.6171c4a35b361b9030cb24d6de8164b8.css]
[image.jimcdn.com/app/cms/image/transf/dimension=210x1024_format=png/path/s02a38df51dd7d2be/image/ie6a6909165e0962a/version/1464811152/image.png]
[image.jimcdn.com/app/cms/image/transf/none/path/s02a38df51dd7d2be/image/ic528ef4aa6990bbf/version/1464811246/image.png]
[image.jimcdn.com/app/cms/image/transf/none/path/s02a38df51dd7d2be/image/ie07917aa84b02af4/version/1468794112/image.png]
[russelljordan1.jimdofree.com/psychology/index.html]
[image.jimcdn.com/app/cms/image/transf/none/path/s02a38df51dd7d2be/image/ibfe1b3f6a7500a35/version/1464812192/image.png]
[image.jimcdn.com/app/cms/image/transf/dimension=1920x400_format=png/path/s02a38df51dd7d2be/image/ic2808693bdb2f9c4/version/1464815715/image.png]
[image.jimcdn.com/app/cms/image/transf/dimension=1920x400_format=png/path/s02a38df51dd7d2be/image/ia6b100578ad14738/version/1464815715/image.png]
[image.jimcdn.com/app/cms/image/transf/dimension=1920x400_format=png/path/s02a38df51dd7d2be/image/i0c882c975b4152ff/version/1464815715/image.png]
[image.jimcdn.com/app/cms/image/transf/dimension=1920x400_format=png/path/s02a38df51dd7d2be/image/i7e0ebb0774872071/version/1464815715/image.png]
[image.jimcdn.com/app/cms/image/transf/none/path/s02a38df51dd7d2be/image/ia6e0b1f159984185/version/1464815715/image.png]
[image.jimcdn.com/app/cms/image/transf/dimension=1920x400_format=png/path/s02a38df51dd7d2be/image/i3c72e392dcc9b1fa/version/1464815715/image.png]
[image.jimcdn.com/app/cms/image/transf/none/path/s02a38df51dd7d2be/image/id5b796620a802236/version/1464815715/image.png]
[image.jimcdn.com/app/cms/image/transf/dimension=1920x400_format=png/path/s02a38df51dd7d2be/image/i727a3c2a0237d9b3/version/1464903688/image.png]
[image.jimcdn.com/app/cms/image/transf/none/path/s02a38df51dd7d2be/image/iac07fdeba2606c84/version/1464903688/image.png]
[image.jimcdn.com/app/cms/image/transf/none/path/s02a38df51dd7d2be/image/i1510106b53836a65/version/1464903688/image.png]
[image.jimcdn.com/app/cms/image/transf/none/path/s02a38df51dd7d2be/image/icc6ac5d1b102b326/version/1464903688/image.png]
[image.jimcdn.com/app/cms/image/transf/dimension=1920x400_format=png/path/s02a38df51dd7d2be/image/ibcbf42d5e80c49ea/version/1465393002/image.png]
[image.jimcdn.com/app/cms/image/transf/dimension=1920x400_format=png/path/s02a38df51dd7d2be/image/id9fcbb5e19a82590/version/1465393002/image.png]
[image.jimcdn.com/app/cms/image/transf/none/path/s02a38df51dd7d2be/image/i9c8486490e379edd/version/1466261281/image.png]
[image.jimcdn.com/app/cms/image/transf/none/path/s02a38df51dd7d2be/image/ifa8bd6e44f1191b9/version/1469099092/image.png]
[image.jimcdn.com/app/cms/image/transf/none/path/s02a38df51dd7d2be/image/i2b538fd9a9c3d6d8/version/1505753008/image.png]
[image.jimcdn.com/app/cms/image/transf/none/path/s02a38df51dd7d2be/image/i63a6e5a594599e0d/version/1580670535/image.jpg]
[image.jimcdn.com/app/cms/image/transf/none/path/s02a38df51dd7d2be/image/i4aefc762184aaff2/version/1580949617/image.jpg]
[image.jimcdn.com/app/cms/image/transf/none/path/s02a38df51dd7d2be/image/ic74fe701106a1f8b/version/1621945549/image.jpg]
[image.jimcdn.com/app/cms/image/transf/none/path/s02a38df51dd7d2be/image/ia5a4852fa2a69668/version/1678085522/image.jpg]
[russelljordan1.jimdofree.com/life-lesons/index.html]
[image.jimcdn.com/app/cms/image/transf/none/path/s02a38df51dd7d2be/image/ic2c2fe82a9400d91/version/1583936508/image.jpg]
[image.jimcdn.com/app/cms/image/transf/none/path/s02a38df51dd7d2be/image/i0b1804c4a84e4299/version/1464811673/image.png]
[image.jimcdn.com/app/cms/image/transf/none/path/s02a38df51dd7d2be/image/icf9ea94f39f1666d/version/1464811698/image.png]
[image.jimcdn.com/app/cms/image/transf/none/path/s02a38df51dd7d2be/image/ic9d2d5a344e151f8/version/1464811724/image.png]
[image.jimcdn.com/app/cms/image/transf/none/path/s02a38df51dd7d2be/image/icf4fea210712defc/version/1464811757/image.png]
[image.jimcdn.com/app/cms/image/transf/none/path/s02a38df51dd7d2be/image/ia753dd7605c8b372/version/1464811796/image.png]
[image.jimcdn.com/app/cms/image/transf/none/path/s02a38df51dd7d2be/image/i4f09eeb3c04dbb09/version/1464811812/image.png]
[image.jimcdn.com/app/cms/image/transf/none/path/s02a38df51dd7d2be/image/i45376343436edb2b/version/1464811833/image.png]
[image.jimcdn.com/app/cms/image/transf/dimension=1920x400_format=png/path/s02a38df51dd7d2be/image/i229bb772d11fdc6d/version/1464814044/image.png]
[image.jimcdn.com/app/cms/image/transf/none/path/s02a38df51dd7d2be/image/ib091d1fd903e3f4b/version/1464814044/image.png]
[image.jimcdn.com/app/cms/image/transf/dimension=1920x400_format=png/path/s02a38df51dd7d2be/image/i4af3b889f24a8d69/version/1464814044/image.png]
[image.jimcdn.com/app/cms/image/transf/none/path/s02a38df51dd7d2be/image/i5704575ff02abf4c/version/1464814044/image.png]
[image.jimcdn.com/app/cms/image/transf/dimension=1920x400_format=png/path/s02a38df51dd7d2be/image/i739d310ff7917fcb/version/1464814044/image.png]
[image.jimcdn.com/app/cms/image/transf/none/path/s02a38df51dd7d2be/image/i1369346c302a4b2d/version/1583936493/image.jpg]
[image.jimcdn.com/app/cms/image/transf/dimension=1000x10000_format=jpg/path/s02a38df51dd7d2be/image/ic2c2fe82a9400d91/version/1583936508/image.jpg]
[image.jimcdn.com/app/cms/image/transf/none/path/s02a38df51dd7d2be/image/i8df8ef1c551b6bae/version/1583936522/image.jpg]
[image.jimcdn.com/app/cms/image/transf/none/path/s02a38df51dd7d2be/image/i07c9cc291ab21283/version/1621979241/image.jpg]
[russelljordan1.jimdofree.com/on-religion/index.html]
[image.jimcdn.com/app/cms/image/transf/dimension=210x1024_format=png/path/s02a38df51dd7d2be/image/i5892552bfb142c3e/version/1464813942/image.png]
[image.jimcdn.com/app/cms/image/transf/dimension=1920x400_format=png/path/s02a38df51dd7d2be/image/i5767a04ed6f28c82/version/1464813962/image.png]
[russelljordan1.jimdofree.com/whats-the-chances-of-that/index.html]
[image.jimcdn.com/app/cms/image/transf/none/path/s02a38df51dd7d2be/image/iad1d48229a8266df/version/1519878218/image.jpg]
[image.jimcdn.com/app/cms/image/transf/dimension=1920x400_format=png/path/s02a38df51dd7d2be/image/i9d49ad6f6e79ca23/version/1464816694/image.png]
[image.jimcdn.com/app/cms/image/transf/dimension=1920x400_format=png/path/s02a38df51dd7d2be/image/ib0d5c288a518c05a/version/1464816694/image.png]
[image.jimcdn.com/app/cms/image/transf/dimension=1920x400_format=png/path/s02a38df51dd7d2be/image/i1503f29ac38191ad/version/1633937696/image.png]
[image.jimcdn.com/app/cms/image/transf/dimension=1920x400_format=png/path/s02a38df51dd7d2be/image/i95fd2410b7ac064d/version/1633937696/image.png]
[image.jimcdn.com/app/cms/image/transf/dimension=1920x400_format=png/path/s02a38df51dd7d2be/image/i4e467c81c3cdda67/version/1464816694/image.png]
[image.jimcdn.com/app/cms/image/transf/dimension=1920x400_format=png/path/s02a38df51dd7d2be/image/i58f216823e51e59a/version/1464816694/image.png]
[image.jimcdn.com/app/cms/image/transf/dimension=1920x400_format=png/path/s02a38df51dd7d2be/image/i0e67bf8d8c36ac08/version/1464816694/image.png]
[image.jimcdn.com/app/cms/image/transf/dimension=1920x400_format=png/path/s02a38df51dd7d2be/image/i23a41ec66c5591e6/version/1464816694/image.png]
[image.jimcdn.com/app/cms/image/transf/dimension=1920x400_format=png/path/s02a38df51dd7d2be/image/i3920058b14ef681c/version/1464816694/image.png]
[image.jimcdn.com/app/cms/image/transf/dimension=1920x400_format=png/path/s02a38df51dd7d2be/image/i9334cfdf3d956646/version/1464816694/image.png]
[image.jimcdn.com/app/cms/image/transf/dimension=1920x400_format=png/path/s02a38df51dd7d2be/image/i474d2b06d6296336/version/1633937696/image.png]
[image.jimcdn.com/app/cms/image/transf/dimension=1920x400_format=png/path/s02a38df51dd7d2be/image/i52da3c7b8a7f6a62/version/1464816694/image.png]
[image.jimcdn.com/app/cms/image/transf/dimension=1920x400_format=png/path/s02a38df51dd7d2be/image/ice48c300035b8042/version/1464816694/image.png]
[image.jimcdn.com/app/cms/image/transf/dimension=1920x400_format=png/path/s02a38df51dd7d2be/image/i1341a8efe187bfc1/version/1464816694/image.png]
[image.jimcdn.com/app/cms/image/transf/dimension=1920x400_format=png/path/s02a38df51dd7d2be/image/icd1c2b19d7955eff/version/1464816694/image.png]
[image.jimcdn.com/app/cms/image/transf/dimension=1920x400_format=png/path/s02a38df51dd7d2be/image/i654a82e8d735a55b/version/1464816694/image.png]
[image.jimcdn.com/app/cms/image/transf/dimension=1920x400_format=png/path/s02a38df51dd7d2be/image/i6b63628e05f61fde/version/1464816694/image.png]
[image.jimcdn.com/app/cms/image/transf/dimension=1920x400_format=png/path/s02a38df51dd7d2be/image/ib726f2df661ef01f/version/1633937696/image.png]
[image.jimcdn.com/app/cms/image/transf/dimension=1920x400_format=png/path/s02a38df51dd7d2be/image/i0064e697f8dd9619/version/1464816694/image.png]
[image.jimcdn.com/app/cms/image/transf/dimension=1920x400_format=png/path/s02a38df51dd7d2be/image/iaec2c6ec77b0689b/version/1494861844/image.png]
[image.jimcdn.com/app/cms/image/transf/dimension=1920x400_format=png/path/s02a38df51dd7d2be/image/i946886ba49c57a6b/version/1494861844/image.png]
[image.jimcdn.com/app/cms/image/transf/dimension=1920x400_format=png/path/s02a38df51dd7d2be/image/i1fec7d2ef5dc740b/version/1494861844/image.png]
[image.jimcdn.com/app/cms/image/transf/dimension=1920x400_format=png/path/s02a38df51dd7d2be/image/if863c0dd1790cca1/version/1633937696/image.png]
[image.jimcdn.com/app/cms/image/transf/dimension=1920x400_format=png/path/s02a38df51dd7d2be/image/id382540a0afb20a1/version/1633937786/image.png]
[image.jimcdn.com/app/cms/image/transf/dimension=1920x400_format=png/path/s02a38df51dd7d2be/image/i9b77b6f7ca88171f/version/1494861844/image.png]
[image.jimcdn.com/app/cms/image/transf/dimension=1920x400_format=png/path/s02a38df51dd7d2be/image/i62ed890788d3f974/version/1494861844/image.png]
[image.jimcdn.com/app/cms/image/transf/dimension=1920x400_format=png/path/s02a38df51dd7d2be/image/i4f2cb1b1f2a8d832/version/1633937830/image.png]
[image.jimcdn.com/app/cms/image/transf/dimension=1920x400_format=png/path/s02a38df51dd7d2be/image/i99bbc5f6e051107a/version/1494861844/image.png]
[image.jimcdn.com/app/cms/image/transf/none/path/s02a38df51dd7d2be/image/i6c825e618bd9a75e/version/1519878094/image.jpg]
[image.jimcdn.com/app/cms/image/transf/dimension=1000x10000_format=jpg/path/s02a38df51dd7d2be/image/iad1d48229a8266df/version/1519878218/image.jpg]
[image.jimcdn.com/app/cms/image/transf/dimension=1920x400_format=jpg/path/s02a38df51dd7d2be/image/i0063fb8927632b97/version/1519878323/image.jpg]
[image.jimcdn.com/app/cms/image/transf/dimension=1920x400_format=jpg/path/s02a38df51dd7d2be/image/i5e4b832267bb0fe1/version/1519878323/image.jpg]
[image.jimcdn.com/app/cms/image/transf/dimension=1920x400_format=jpg/path/s02a38df51dd7d2be/image/i49e0442b238a11a3/version/1519878323/image.jpg]
[image.jimcdn.com/app/cms/image/transf/dimension=1920x400_format=jpg/path/s02a38df51dd7d2be/image/i12baff2e38942437/version/1519878323/image.jpg]
[image.jimcdn.com/app/cms/image/transf/dimension=1920x400_format=jpg/path/s02a38df51dd7d2be/image/i4f4d5bfb195efd2b/version/1519878323/image.jpg]
[image.jimcdn.com/app/cms/image/transf/dimension=1920x400_format=jpg/path/s02a38df51dd7d2be/image/i6b24d5035795a48f/version/1519878323/image.jpg]
[image.jimcdn.com/app/cms/image/transf/dimension=1920x400_format=jpg/path/s02a38df51dd7d2be/image/id67f21bf7ff71867/version/1519878323/image.jpg]
[image.jimcdn.com/app/cms/image/transf/dimension=1920x400_format=jpg/path/s02a38df51dd7d2be/image/i198127fa661a77d2/version/1519878323/image.jpg]
[image.jimcdn.com/app/cms/image/transf/none/path/s02a38df51dd7d2be/image/i2d0b02ab20dcc21f/version/1522420099/image.jpg]
[image.jimcdn.com/app/cms/image/transf/dimension=1000x10000_format=jpg/path/s02a38df51dd7d2be/image/i56007f5b318a2b16/version/1522420153/image.jpg]
[image.jimcdn.com/app/cms/image/transf/none/path/s02a38df51dd7d2be/image/i09f4285d4541645f/version/1633937466/image.jpg]
[image.jimcdn.com/app/cms/image/transf/none/path/s02a38df51dd7d2be/image/i6151ebfcb32a5671/version/1633937514/image.jpg]
[image.jimcdn.com/app/cms/image/transf/none/path/s02a38df51dd7d2be/image/iaa3fc18a76acfe85/version/1633937564/image.jpg]
[russelljordan1.jimdofree.com/family-and-phots-jamine-yu/index.html]
[image.jimcdn.com/app/cms/image/transf/none/path/s02a38df51dd7d2be/image/i47fb677149374a70/version/1469465297/image.png]
[image.jimcdn.com/app/cms/image/transf/none/path/s02a38df51dd7d2be/image/i4c4204652e20f49e/version/1519880507/image.jpg]
[russelljordan1.jimdofree.com/notes/index.html]
[russelljordan1.jimdofree.com/brandon-kelt-jasmin-yu-candice-norman-adam-kelt/index.html]
[image.jimcdn.com/app/cms/image/transf/none/path/s02a38df51dd7d2be/image/ic5fdd1d5db84b4d2/version/1508771389/image.png]
[image.jimcdn.com/app/cms/image/transf/dimension=1920x400_format=png/path/s02a38df51dd7d2be/image/i29ce3ef74fb70d71/version/1508771643/image.png]
[image.jimcdn.com/app/cms/image/transf/none/path/s02a38df51dd7d2be/image/ib99a2b44c71793ed/version/1508771819/image.png]
[image.jimcdn.com/app/cms/image/transf/none/path/s02a38df51dd7d2be/image/i396110dc11beb207/version/1508772153/image.png]
[image.jimcdn.com/app/cms/image/transf/none/path/s02a38df51dd7d2be/image/ida23a694a85854b2/version/1577790022/image.jpg]
[image.jimcdn.com/app/cms/image/transf/none/path/s02a38df51dd7d2be/image/i58d41b975e2213bc/version/1607306557/image.jpg]
[russelljordan1.jimdofree.com/films-i-like/index.html]
[russelljordan1.jimdofree.com/links-to-sites-or-videos-i-like/index.html]
[russelljordan1.jimdofree.com/personal-notes/index.html]
[image.jimcdn.com/app/cms/image/transf/none/path/s02a38df51dd7d2be/image/ib226dff8e4719157/version/1680183766/image.jpg]
[image.jimcdn.com/app/cms/image/transf/dimension=210x1024_format=jpg/path/s02a38df51dd7d2be/image/ib226dff8e4719157/version/1680183766/image.jpg]
[russelljordan1.jimdofree.com/law-of-the-land/index.html]
[image.jimcdn.com/app/cms/image/transf/dimension=210x1024_format=jpg/path/s02a38df51dd7d2be/image/id777d5390e39487b/version/1680428030/image.jpg]
[image.jimcdn.com/app/cms/image/transf/dimension=210x1024_format=jpg/path/s02a38df51dd7d2be/image/i13c320ff9b24767c/version/1680428087/image.jpg]
[image.jimcdn.com/app/cms/image/transf/dimension=210x1024_format=jpg/path/s02a38df51dd7d2be/image/i3253348e3df1d70a/version/1680428362/image.jpg]
[image.jimcdn.com/app/cms/image/transf/none/path/s02a38df51dd7d2be/image/i376f84bf32beb36f/version/1680428382/image.jpg]
[image.jimcdn.com/app/cms/image/transf/none/path/s02a38df51dd7d2be/image/ib77db90346a3d0fd/version/1680428421/image.jpg]
[russelljordan1.jimdofree.com/the-power-of-a-story/index.html]
[image.jimcdn.com/app/cms/image/transf/none/path/s02a38df51dd7d2be/image/i8e01ddba74155295/version/1681978609/image.jpg]
[russelljordan1.jimdofree.com/logical-fallacies/index.html]
[assets2.jimstatic.com/s/img/cms/siteadmin/newlogostuff/jimdologo2015.png]
[russelljordan1.jimdofree.com/about/index.html]
[russelljordan1.jimdofree.com/j/privacy.html]
[russelljordan1.jimdofree.com/sitemap/index.html]
[assets.jimstatic.com/f7b79a3d76e79248879a74cd4fadbb14.svg]
[assets.jimstatic.com/b257fa9c5ac8c515ac4d77a667ce2943.svg]
[russelljordan1.jimdofree.com/2019/11/21/jansmine-mei-yu-brandon-kelt-candice-norman/index.html]
[russelljordan1.jimdofree.com/2019/11/21/jansmine-mei-yu-brandon-kelt-candice-norman/index.html]
[russelljordan1.jimdofree.com/2017/02/15/brandon-kelt-adam-kelt-candice-norman-jasmin-yu/index.html]
[russelljordan1.jimdofree.com/2017/02/15/brandon-kelt-adam-kelt-candice-norman-jasmin-yu/index.html]
